error: invalid argument
 --> $DIR/call-eq.rs:7:12
  |
7 |     #[call = "len"]
  |            ^
