error: unexpected end of input, expected expression
 --> $DIR/delegate-empty.rs:5:1
  |
5 | #[delegate]
  | ^^^^^^^^^^^
  |
  = note: this error originates in an attribute macro (in Nightly builds, run with -Z macro-backtrace for more info)
